
Memory Configuration

Name             Origin             Length             Attributes
*default*        0x00000000         0xffffffff

Linker script and memory map

Address of section .text set to 0x0
LOAD /tmp/ccryOM42.ltrans0.ltrans.o
LOAD /tmp/cchb4hW2.debug.temp.o
LOAD /tmp/ccRbdq74.debug.temp.o
LOAD obj/gcc8_a_support.o
LOAD obj/depacker_doynax.o
LOAD obj/depacker_doynax_vasm.o
                [!provide]                        PROVIDE (__executable_start = SEGMENT_START ("text-segment", 0x80000000))
                0x80000074                        . = (SEGMENT_START ("text-segment", 0x80000000) + SIZEOF_HEADERS)

.interp
 *(.interp)

.note.gnu.build-id
 *(.note.gnu.build-id)

.hash
 *(.hash)

.gnu.hash
 *(.gnu.hash)

.dynsym
 *(.dynsym)

.dynstr
 *(.dynstr)

.gnu.version
 *(.gnu.version)

.gnu.version_d
 *(.gnu.version_d)

.gnu.version_r
 *(.gnu.version_r)

.rela.dyn       0x80000074        0x0
 *(.rela.init)
 *(.rela.text .rela.text.* .rela.gnu.linkonce.t.*)
 *(.rela.fini)
 *(.rela.rodata .rela.rodata.* .rela.gnu.linkonce.r.*)
 *(.rela.data .rela.data.* .rela.gnu.linkonce.d.*)
 *(.rela.tdata .rela.tdata.* .rela.gnu.linkonce.td.*)
 *(.rela.tbss .rela.tbss.* .rela.gnu.linkonce.tb.*)
 *(.rela.ctors)
 *(.rela.dtors)
 *(.rela.got)
 *(.rela.bss .rela.bss.* .rela.gnu.linkonce.b.*)
                [!provide]                        PROVIDE (__rela_iplt_start = .)
 *(.rela.iplt)
                [!provide]                        PROVIDE (__rela_iplt_end = .)

.rela.plt
 *(.rela.plt)

.init
 *(SORT_NONE(.init))

.plt
 *(.plt)

.iplt
 *(.iplt)

.text           0x00000000     0x175e
 *(.text.unlikely .text.*_unlikely .text.unlikely.*)
 .text.unlikely
                0x00000000       0x8c /tmp/ccryOM42.ltrans0.ltrans.o
                0x00000000                _start
 *(.text.exit .text.exit.*)
 *(.text.startup .text.startup.*)
 .text.startup  0x0000008c      0xdba /tmp/ccryOM42.ltrans0.ltrans.o
                0x0000008c                main
 *(.text.hot .text.hot.*)
 *(SORT_BY_NAME(.text.sorted.*))
 *(.text .stub .text.* .gnu.linkonce.t.*)
 *fill*         0x00000e46        0x2 4e714e71
 .text          0x00000e48      0x736 /tmp/ccryOM42.ltrans0.ltrans.o
                0x000012ba                strlen
                0x000012d2                memset
                0x00001442                memcpy
                0x000014cc                memmove
 *fill*         0x0000157e        0x2 4e714e71
 .text          0x00001580      0x10c obj/gcc8_a_support.o
                0x00001580                __mulsi3
                0x000015a2                __udivsi3
                0x000015fe                __divsi3
                0x00001628                __modsi3
                0x00001650                __umodsi3
                0x0000167a                KPutCharX
                0x00001688                PutChar
 .text          0x0000168c       0xd2 obj/depacker_doynax.o
                0x0000168c                _doynaxdepack_asm
 *(.gnu.warning)

CODE            0x0000175e       0xd2
 CODE           0x0000175e       0xd2 obj/depacker_doynax_vasm.o
                0x0000175e                _doynaxdepack_vasm

.fini
 *(SORT_NONE(.fini))
                [!provide]                        PROVIDE (__etext = .)
                [!provide]                        PROVIDE (_etext = .)
                [!provide]                        PROVIDE (etext = .)

.rodata         0x00001830     0x1bca
 *(.rodata .rodata.* .gnu.linkonce.r.*)
 .rodata        0x00001830     0x1bca /tmp/ccryOM42.ltrans0.ltrans.o
                0x00001830                incbin_colors_start
                0x00001870                incbin_colors_end
                0x00001872                incbin_player_start
                0x000031d8                incbin_player_end

.MEMF_CHIP      0x000033fa       0x80
 .MEMF_CHIP     0x000033fa       0x80 /tmp/ccryOM42.ltrans0.ltrans.o

.rodata1
 *(.rodata1)

.eh_frame_hdr
 *(.eh_frame_hdr)
 *(.eh_frame_entry .eh_frame_entry.*)

.eh_frame
 *(.eh_frame)
 *(.eh_frame.*)

.sframe
 *(.sframe)
 *(.sframe.*)

.gcc_except_table
 *(.gcc_except_table .gcc_except_table.*)

.gnu_extab
 *(.gnu_extab*)

.exception_ranges
 *(.exception_ranges*)
                0x00004000                        . = DATA_SEGMENT_ALIGN (CONSTANT (MAXPAGESIZE), CONSTANT (COMMONPAGESIZE))

.eh_frame
 *(.eh_frame)
 *(.eh_frame.*)

.sframe
 *(.sframe)
 *(.sframe.*)

.gnu_extab
 *(.gnu_extab)

.gcc_except_table
 *(.gcc_except_table .gcc_except_table.*)

.exception_ranges
 *(.exception_ranges*)

.tdata          0x00004000        0x0
                [!provide]                        PROVIDE (__tdata_start = .)
 *(.tdata .tdata.* .gnu.linkonce.td.*)

.tbss
 *(.tbss .tbss.* .gnu.linkonce.tb.*)
 *(.tcommon)

.preinit_array  0x00004000        0x0
                0x00004000                        PROVIDE (__preinit_array_start = .)
 *(.preinit_array)
                0x00004000                        PROVIDE (__preinit_array_end = .)

.init_array     0x00004000        0x0
                0x00004000                        PROVIDE (__init_array_start = .)
 *(SORT_BY_INIT_PRIORITY(.init_array.*) SORT_BY_INIT_PRIORITY(.ctors.*))
 *(.init_array EXCLUDE_FILE(*crtend?.o *crtend.o *crtbegin?.o *crtbegin.o) .ctors)
                0x00004000                        PROVIDE (__init_array_end = .)

.fini_array     0x00004000        0x0
                0x00004000                        PROVIDE (__fini_array_start = .)
 *(SORT_BY_INIT_PRIORITY(.fini_array.*) SORT_BY_INIT_PRIORITY(.dtors.*))
 *(.fini_array EXCLUDE_FILE(*crtend?.o *crtend.o *crtbegin?.o *crtbegin.o) .dtors)
                0x00004000                        PROVIDE (__fini_array_end = .)

.ctors
 *crtbegin.o(.ctors)
 *crtbegin?.o(.ctors)
 *(EXCLUDE_FILE(*crtend?.o *crtend.o) .ctors)
 *(SORT_BY_NAME(.ctors.*))
 *(.ctors)

.dtors
 *crtbegin.o(.dtors)
 *crtbegin?.o(.dtors)
 *(EXCLUDE_FILE(*crtend?.o *crtend.o) .dtors)
 *(SORT_BY_NAME(.dtors.*))
 *(.dtors)

.jcr
 *(.jcr)

.data.rel.ro
 *(.data.rel.ro.local* .gnu.linkonce.d.rel.ro.local.*)
 *(.data.rel.ro .data.rel.ro.* .gnu.linkonce.d.rel.ro.*)

.dynamic
 *(.dynamic)
                0x00004000                        . = DATA_SEGMENT_RELRO_END (., 0x0)

.got
 *(.got.plt)
 *(.igot.plt)
 *(.got)
 *(.igot)

.data           0x00004000        0x0
 *(.data .data.* .gnu.linkonce.d.*)
 .data          0x00004000        0x0 /tmp/ccryOM42.ltrans0.ltrans.o
 .data          0x00004000        0x0 obj/gcc8_a_support.o
 .data          0x00004000        0x0 obj/depacker_doynax.o

.INCBIN.MEMF_CHIP
                0x00004000     0xeb7d
 .INCBIN.MEMF_CHIP
                0x00004000     0xeb7d /tmp/ccryOM42.ltrans0.ltrans.o
                0x00004000                incbin_image_start
                0x00010800                incbin_image_end
                0x00010802                incbin_bob_start
                0x00011702                incbin_bob_end
                0x00011704                incbin_module_start
                0x00012b7c                incbin_module_end

.data1
 *(.data1)
                0x00012b7d                        _edata = .
                [!provide]                        PROVIDE (edata = .)
                0x00012b7d                        . = .
                0x00012b7d                        __bss_start = .

.bss            0x00012b80       0x28
 *(.dynbss)
 *(.bss .bss.* .gnu.linkonce.b.*)
 .bss           0x00012b80       0x28 /tmp/ccryOM42.ltrans0.ltrans.o
 .bss           0x00012ba8        0x0 obj/gcc8_a_support.o
 .bss           0x00012ba8        0x0 obj/depacker_doynax.o
 *(COMMON)
                0x00012ba8                        . = ALIGN ((. != 0x0)?0x4:0x1)
                0x00012ba8                        . = ALIGN (0x4)
                0x00012ba8                        . = SEGMENT_START ("ldata-segment", .)
                0x00012ba8                        . = ALIGN (0x4)
                0x00012ba8                        _end = .
                [!provide]                        PROVIDE (end = .)
                0x00012ba8                        . = DATA_SEGMENT_END (.)

.stab
 *(.stab)

.stabstr
 *(.stabstr)

.stab.excl
 *(.stab.excl)

.stab.exclstr
 *(.stab.exclstr)

.stab.index
 *(.stab.index)

.stab.indexstr
 *(.stab.indexstr)

.comment        0x00000000       0x12
 *(.comment)
 .comment       0x00000000       0x12 /tmp/ccryOM42.ltrans0.ltrans.o
                                 0x13 (size before relaxing)
 .comment       0x00000012       0x13 /tmp/cchb4hW2.debug.temp.o
 .comment       0x00000012       0x13 /tmp/ccRbdq74.debug.temp.o

.gnu.build.attributes
 *(.gnu.build.attributes .gnu.build.attributes.*)

.debug
 *(.debug)

.line
 *(.line)

.debug_srcinfo
 *(.debug_srcinfo)

.debug_sfnames
 *(.debug_sfnames)

.debug_aranges  0x00000000       0x90
 *(.debug_aranges)
 .debug_aranges
                0x00000000       0x30 /tmp/ccryOM42.ltrans0.ltrans.o
 .debug_aranges
                0x00000030       0x20 obj/gcc8_a_support.o
 .debug_aranges
                0x00000050       0x20 obj/depacker_doynax.o
 .debug_aranges
                0x00000070       0x20 obj/depacker_doynax_vasm.o

.debug_pubnames
 *(.debug_pubnames)

.debug_info     0x00000000     0x7095
 *(.debug_info .gnu.linkonce.wi.*)
 .debug_info    0x00000000     0x19d4 /tmp/ccryOM42.ltrans0.ltrans.o
 .debug_info    0x000019d4     0x4826 /tmp/cchb4hW2.debug.temp.o
                0x000019d4                main.c.e41506fc
 .debug_info    0x000061fa      0xd28 /tmp/ccRbdq74.debug.temp.o
                0x000061fa                gcc8_c_support.c.a61ef09d
 .debug_info    0x00006f22       0x89 obj/gcc8_a_support.o
 .debug_info    0x00006fab       0x35 obj/depacker_doynax.o
 .debug_info    0x00006fe0       0xb5 obj/depacker_doynax_vasm.o

.debug_abbrev   0x00000000      0x7de
 *(.debug_abbrev)
 .debug_abbrev  0x00000000      0x1c0 /tmp/ccryOM42.ltrans0.ltrans.o
 .debug_abbrev  0x000001c0      0x361 /tmp/cchb4hW2.debug.temp.o
 .debug_abbrev  0x00000521      0x269 /tmp/ccRbdq74.debug.temp.o
 .debug_abbrev  0x0000078a       0x21 obj/gcc8_a_support.o
 .debug_abbrev  0x000007ab       0x21 obj/depacker_doynax.o
 .debug_abbrev  0x000007cc       0x12 obj/depacker_doynax_vasm.o

.debug_line     0x00000000     0x4534
 *(.debug_line .debug_line.* .debug_line_end)
 .debug_line    0x00000000     0x3b49 /tmp/ccryOM42.ltrans0.ltrans.o
 .debug_line    0x00003b49      0x54c /tmp/cchb4hW2.debug.temp.o
 .debug_line    0x00004095      0x1ff /tmp/ccRbdq74.debug.temp.o
 .debug_line    0x00004294       0xef obj/gcc8_a_support.o
 .debug_line    0x00004383       0xcd obj/depacker_doynax.o
 .debug_line    0x00004450       0xe4 obj/depacker_doynax_vasm.o

.debug_frame    0x00000000      0x5b8
 *(.debug_frame)
 .debug_frame   0x00000000      0x4ec /tmp/ccryOM42.ltrans0.ltrans.o
 .debug_frame   0x000004ec       0xcc obj/gcc8_a_support.o

.debug_str      0x00000000      0x322
 *(.debug_str)
 .debug_str     0x00000000        0x0 /tmp/ccryOM42.ltrans0.ltrans.o
 .debug_str     0x00000000      0x15e /tmp/cchb4hW2.debug.temp.o
 .debug_str     0x0000015e       0x8a /tmp/ccRbdq74.debug.temp.o
 .debug_str     0x000001e8       0xd7 obj/gcc8_a_support.o
 .debug_str     0x000002bf       0x63 obj/depacker_doynax.o
                                 0xa9 (size before relaxing)

.debug_loc
 *(.debug_loc)

.debug_macinfo
 *(.debug_macinfo)

.debug_weaknames
 *(.debug_weaknames)

.debug_funcnames
 *(.debug_funcnames)

.debug_typenames
 *(.debug_typenames)

.debug_varnames
 *(.debug_varnames)

.debug_pubtypes
 *(.debug_pubtypes)

.debug_ranges   0x00000000       0x18
 *(.debug_ranges)
 .debug_ranges  0x00000000       0x18 obj/depacker_doynax_vasm.o

.debug_addr
 *(.debug_addr)

.debug_line_str
 *(.debug_line_str)

.debug_loclists
                0x00000000     0x1bbd
 *(.debug_loclists)
 .debug_loclists
                0x00000000     0x1bbd /tmp/ccryOM42.ltrans0.ltrans.o

.debug_macro
 *(.debug_macro)

.debug_names
 *(.debug_names)

.debug_rnglists
                0x00000000      0x475
 *(.debug_rnglists)
 .debug_rnglists
                0x00000000      0x475 /tmp/ccryOM42.ltrans0.ltrans.o

.debug_str_offsets
 *(.debug_str_offsets)

.debug_sup
 *(.debug_sup)

.gnu.attributes
 *(.gnu.attributes)

/DISCARD/
 *(.note.GNU-stack)
 *(.gnu_debuglink)
 *(.gnu.lto_*)
OUTPUT(out/a.elf elf32-m68k)
